// Jest Snapshot v1, https://goo.gl/fbAQLP

exports[`Renders Primary story 1`] = `
<body>
  <div>
    <button
      class="inline-flex items-center justify-center rounded-md text-sm font-medium ring-offset-background focus-visible:outline-none focus-visible:ring-2 focus-visible:ring-ring focus-visible:ring-offset-2 disabled:pointer-events-none disabled:opacity-50 hover:-translate-y-0.5 transition bg-primary text-primary-foreground h-10 px-4 py-2"
    >
      Button
    </button>
  </div>
</body>
`;
