// Jest Snapshot v1, https://goo.gl/fbAQLP

exports[`Renders Primary story 1`] = `
<body>
  <div>
    <div
      class="w-full h-screen flex flex-col justify-center items-center"
    >
      <svg
        class="lucide lucide-x"
        fill="none"
        height="50"
        stroke="currentColor"
        stroke-linecap="round"
        stroke-linejoin="round"
        stroke-width="2"
        viewBox="0 0 24 24"
        width="50"
        xmlns="http://www.w3.org/2000/svg"
      >
        <path
          d="M18 6 6 18"
        />
        <path
          d="m6 6 12 12"
        />
      </svg>
      <h3>
        This is a center message
      </h3>
    </div>
  </div>
</body>
`;
